[amaninfo/index04b9.html]
[backblue.gif]
[fade.gif]
[index.html]
[amaninfo/css/devicon.min.css]
[amaninfo/css/all.min.css]
[amaninfo/css/bootstrap.min.css]
[amaninfo/css/swiper-bundle.min.css]
[amaninfo/css/animate.min.css]
[amaninfo/css/jquery.mCustomScrollbar.min.css]
[amaninfo/css/style.css]
[amaninfo/css/styleswitcher.css]
[amaninfo/css/skins/yellow.css]
[amaninfo/_next/static/css/9855f3c66cf429a4.css]
[amaninfo/_next/static/chunks/polyfills-c67a75d1b6f99dc8.js]
[amaninfo/_next/static/chunks/webpack-60d328ea1049e7c2.js]
[amaninfo/_next/static/chunks/framework-cda2f1305c3d9424.js]
[amaninfo/_next/static/chunks/main-627138c22ebf06ea.js]
[amaninfo/_next/static/chunks/pages/_app-939fc81c9b33b38b.js]
[amaninfo/_next/static/chunks/b637e9a5-72306854ad8c548c.js]
[amaninfo/_next/static/chunks/574-3e6def5898b0fc8d.js]
[amaninfo/_next/static/chunks/pages/index-0d363d5b6d321cf0.js]
[amaninfo/_next/static/RG84QNVIK3BfReEx2Rz2-/_buildManifest.js]
[amaninfo/_next/static/RG84QNVIK3BfReEx2Rz2-/_ssgManifest.js]
[amaninfo/assets/styleswitcher/yellow.png]
[amaninfo/assets/styleswitcher/green.png]
[amaninfo/assets/styleswitcher/red.png]
[amaninfo/assets/styleswitcher/blue.png]
[amaninfo/assets/styleswitcher/orange.png]
[amaninfo/assets/styleswitcher/yellowgreen.png]
[amaninfo/assets/styleswitcher/pink.png]
[amaninfo/assets/styleswitcher/goldenrod.png]
[amaninfo/assets/about.jpg]
[amaninfo/assets/separator.png]
[amaninfo/assets/separator-mobile-up.png]
[amaninfo/assets/separator-opposite.png]
[amaninfo/assets/portfolio/project-1.jpg]
[amaninfo/assets/portfolio/project-2.jpg]
[amaninfo/assets/portfolio/project-3.jpg]
[amaninfo/assets/testimonials/testimonial-1.jpg]
[amaninfo/assets/testimonials/testimonial-2.jpg]
[amaninfo/assets/logos/themeforest-dark-background.png]
[amaninfo/assets/logos/photodune-dark-background.png]
[amaninfo/assets/logos/graphicriver-dark-background.png]
[amaninfo/assets/logos/codecanyon-dark-background.png]
[amaninfo/assets/logos/audiojungle-dark-background.png]
[amaninfo/assets/logos/activeden-dark-background.png]
[amaninfo/assets/logos/3docean-dark-background.png]
[amaninfo/blog-post]
[amaninfo/assets/blog/blog-post-1.jpg]
[amaninfo/assets/blog/blog-post-2.jpg]
[amaninfo/assets/blog/blog-post-3.jpg]
[amaninfo/assets/separator-copyright.png]
[amaninfo/index04b9.html]
[amaninfo/fonts/devicon2d7c.eot]
[amaninfo/fonts/devicon2d7c.ttf]
[amaninfo/fonts/devicon2d7c.woff]
[amaninfo/css/devicon.min.css]
[amaninfo/fonts/fa-brands-400.woff2]
[amaninfo/fonts/devicon2d7c.svg]
[amaninfo/fonts/fa-brands-400.ttf]
[amaninfo/fonts/fa-regular-400.woff2]
[amaninfo/fonts/fa-regular-400.ttf]
[amaninfo/fonts/fa-solid-900.woff2]
[amaninfo/fonts/fa-solid-900.ttf]
[amaninfo/fonts/fa-v4compatibility.woff2]
[amaninfo/css/all.min.css]
[amaninfo/css/bootstrap.min.css]
[amaninfo/css/swiper-bundle.min.css]
[amaninfo/css/animate.min.css]
[amaninfo/fonts/fa-v4compatibility.ttf]
[amaninfo/index.html]
[amaninfo/css/mCSB_buttons.3d.delayed]
[amaninfo/css/jquery.mCustomScrollbar.min.css]
[amaninfo/assets/backgrounds/facts.jpg]
[amaninfo/assets/backgrounds/clients.jpg]
[amaninfo/assets/backgrounds/testimonials.jpg]
[amaninfo/css/style.css]
[amaninfo/css/styleswitcher.css]
[amaninfo/css/skins/yellow.css]
[amaninfo/_next/static/css/9855f3c66cf429a4.css]
[amaninfo/_next/static/chunks/pages/blog-post-e45f594f7fbe8174.js]
[amaninfo/assets/blog/main-post.jpg]
[amaninfo/blog-post]
[amaninfo/fonts/devicon2d7c.svg]
[amaninfo/index.html]
[amaninfo/css/404]
